[    0.000000] Linux version 4.15.0-159-generic (buildd@lgw01-amd64-055) (gcc version 7.5.0 (Ubuntu 7.5.0-3ubuntu1~18.04)) #167-Ubuntu SMP Tue Sep 21 08:55:05 UTC 2021 (Ubuntu 4.15.0-159.167-generic 4.15.18)
[    0.000000] Command line: BOOT_IMAGE=/boot/vmlinuz-4.15.0-159-generic root=LABEL=cloudimg-rootfs ro console=tty1 console=ttyS0
[    0.000000] KERNEL supported cpus:
[    0.000000]   Intel GenuineIntel
[    0.000000]   AMD AuthenticAMD
[    0.000000]   Centaur CentaurHauls
[    0.000000] [Firmware Bug]: TSC doesn't count with P0 frequency!
[    0.000000] x86/fpu: Supporting XSAVE feature 0x001: 'x87 floating point registers'
[    0.000000] x86/fpu: Supporting XSAVE feature 0x002: 'SSE registers'
[    0.000000] x86/fpu: Supporting XSAVE feature 0x004: 'AVX registers'
[    0.000000] x86/fpu: xstate_offset[2]:  576, xstate_sizes[2]:  256
[    0.000000] x86/fpu: Enabled xstate features 0x7, context size is 832 bytes, using 'standard' format.
[    0.000000] e820: BIOS-provided physical RAM map:
[    0.000000] BIOS-e820: [mem 0x0000000000000000-0x000000000009fbff] usable
[    0.000000] BIOS-e820: [mem 0x000000000009fc00-0x000000000009ffff] reserved
[    0.000000] BIOS-e820: [mem 0x00000000000f0000-0x00000000000fffff] reserved
[    0.000000] BIOS-e820: [mem 0x0000000000100000-0x000000003ffeffff] usable
[    0.000000] BIOS-e820: [mem 0x000000003fff0000-0x000000003fffffff] ACPI data
[    0.000000] BIOS-e820: [mem 0x00000000fec00000-0x00000000fec00fff] reserved
[    0.000000] BIOS-e820: [mem 0x00000000fee00000-0x00000000fee00fff] reserved
[    0.000000] BIOS-e820: [mem 0x00000000fffc0000-0x00000000ffffffff] reserved
[    0.000000] NX (Execute Disable) protection: active
[    0.000000] SMBIOS 2.5 present.
[    0.000000] DMI: innotek GmbH VirtualBox/VirtualBox, BIOS VirtualBox 12/01/2006
[    0.000000] Hypervisor detected: KVM
[    0.000000] e820: last_pfn = 0x3fff0 max_arch_pfn = 0x400000000
[    0.000000] MTRR: Disabled
[    0.000000] x86/PAT: MTRRs disabled, skipping PAT initialization too.
[    0.000000] CPU MTRRs all blank - virtualized system.
[    0.000000] x86/PAT: Configuration [0-7]: WB  WT  UC- UC  WB  WT  UC- UC  
[    0.000000] found SMP MP-table at [mem 0x0009fff0-0x0009ffff]
[    0.000000] Scanning 1 areas for low memory corruption
[    0.000000] RAMDISK: [mem 0x359cb000-0x36cdcfff]
[    0.000000] ACPI: Early table checksum verification disabled
[    0.000000] ACPI: RSDP 0x00000000000E0000 000024 (v02 VBOX  )
[    0.000000] ACPI: XSDT 0x000000003FFF0030 00003C (v01 VBOX   VBOXXSDT 00000001 ASL  00000061)
[    0.000000] ACPI: FACP 0x000000003FFF00F0 0000F4 (v04 VBOX   VBOXFACP 00000001 ASL  00000061)
[    0.000000] ACPI: DSDT 0x000000003FFF0470 002325 (v02 VBOX   VBOXBIOS 00000002 INTL 20100528)
[    0.000000] ACPI: FACS 0x000000003FFF0200 000040
[    0.000000] ACPI: FACS 0x000000003FFF0200 000040
[    0.000000] ACPI: APIC 0x000000003FFF0240 00005C (v02 VBOX   VBOXAPIC 00000001 ASL  00000061)
[    0.000000] ACPI: SSDT 0x000000003FFF02A0 0001CC (v01 VBOX   VBOXCPUT 00000002 INTL 20100528)
[    0.000000] ACPI: Reserving FACP table memory at [mem 0x3fff00f0-0x3fff01e3]
[    0.000000] ACPI: Reserving DSDT table memory at [mem 0x3fff0470-0x3fff2794]
[    0.000000] ACPI: Reserving FACS table memory at [mem 0x3fff0200-0x3fff023f]
[    0.000000] ACPI: Reserving FACS table memory at [mem 0x3fff0200-0x3fff023f]
[    0.000000] ACPI: Reserving APIC table memory at [mem 0x3fff0240-0x3fff029b]
[    0.000000] ACPI: Reserving SSDT table memory at [mem 0x3fff02a0-0x3fff046b]
[    0.000000] No NUMA configuration found
[    0.000000] Faking a node at [mem 0x0000000000000000-0x000000003ffeffff]
[    0.000000] NODE_DATA(0) allocated [mem 0x3ffc5000-0x3ffeffff]
[    0.000000] kvm-clock: cpu 0, msr 0:3ff44001, primary cpu clock
[    0.000000] kvm-clock: Using msrs 4b564d01 and 4b564d00
[    0.000000] kvm-clock: using sched offset of 3168514514 cycles
[    0.000000] clocksource: kvm-clock: mask: 0xffffffffffffffff max_cycles: 0x1cd42e4dffb, max_idle_ns: 881590591483 ns
[    0.000000] Zone ranges:
[    0.000000]   DMA      [mem 0x0000000000001000-0x0000000000ffffff]
[    0.000000]   DMA32    [mem 0x0000000001000000-0x000000003ffeffff]
[    0.000000]   Normal   empty
[    0.000000]   Device   empty
[    0.000000] Movable zone start for each node
[    0.000000] Early memory node ranges
[    0.000000]   node   0: [mem 0x0000000000001000-0x000000000009efff]
[    0.000000]   node   0: [mem 0x0000000000100000-0x000000003ffeffff]
[    0.000000] Reserved but unavailable: 104 pages
[    0.000000] Initmem setup node 0 [mem 0x0000000000001000-0x000000003ffeffff]
[    0.000000] ACPI: PM-Timer IO Port: 0x4008
[    0.000000] IOAPIC[0]: apic_id 2, version 32, address 0xfec00000, GSI 0-23
[    0.000000] ACPI: INT_SRC_OVR (bus 0 bus_irq 0 global_irq 2 dfl dfl)
[    0.000000] ACPI: INT_SRC_OVR (bus 0 bus_irq 9 global_irq 9 low level)
[    0.000000] Using ACPI (MADT) for SMP configuration information
[    0.000000] smpboot: Allowing 2 CPUs, 0 hotplug CPUs
[    0.000000] PM: Registered nosave memory: [mem 0x00000000-0x00000fff]
[    0.000000] PM: Registered nosave memory: [mem 0x0009f000-0x0009ffff]
[    0.000000] PM: Registered nosave memory: [mem 0x000a0000-0x000effff]
[    0.000000] PM: Registered nosave memory: [mem 0x000f0000-0x000fffff]
[    0.000000] e820: [mem 0x40000000-0xfebfffff] available for PCI devices
[    0.000000] Booting paravirtualized kernel on KVM
[    0.000000] clocksource: refined-jiffies: mask: 0xffffffff max_cycles: 0xffffffff, max_idle_ns: 7645519600211568 ns
[    0.000000] random: get_random_bytes called from start_kernel+0x99/0x500 with crng_init=0
[    0.000000] setup_percpu: NR_CPUS:8192 nr_cpumask_bits:2 nr_cpu_ids:2 nr_node_ids:1
[    0.000000] percpu: Embedded 45 pages/cpu s147456 r8192 d28672 u1048576
[    0.000000] PV qspinlock hash table entries: 256 (order: 0, 4096 bytes)
[    0.000000] Built 1 zonelists, mobility grouping on.  Total pages: 257913
[    0.000000] Policy zone: DMA32
[    0.000000] Kernel command line: BOOT_IMAGE=/boot/vmlinuz-4.15.0-159-generic root=LABEL=cloudimg-rootfs ro console=tty1 console=ttyS0
[    0.000000] Memory: 982708K/1048120K available (12300K kernel code, 2483K rwdata, 4320K rodata, 2448K init, 2724K bss, 65412K reserved, 0K cma-reserved)
[    0.000000] SLUB: HWalign=64, Order=0-3, MinObjects=0, CPUs=2, Nodes=1
[    0.000000] ftrace: allocating 39471 entries in 155 pages
[    0.004000] Hierarchical RCU implementation.
[    0.004000] 	RCU restricting CPUs from NR_CPUS=8192 to nr_cpu_ids=2.
[    0.004000] 	Tasks RCU enabled.
[    0.004000] RCU: Adjusting geometry for rcu_fanout_leaf=16, nr_cpu_ids=2
[    0.004000] NR_IRQS: 524544, nr_irqs: 440, preallocated irqs: 16
[    0.004000] Console: colour VGA+ 80x25
[    0.004000] console [tty1] enabled
[    0.004000] console [ttyS0] enabled
[    0.004000] ACPI: Core revision 20170831
[    0.004000] ACPI: 2 ACPI AML tables successfully acquired and loaded
[    0.004000] APIC: Switch to symmetric I/O mode setup
[    0.004000] x2apic enabled
[    0.004000] Switched APIC routing to physical x2apic.
[    0.004000] ..TIMER: vector=0x30 apic1=0 pin1=2 apic2=-1 pin2=-1
[    0.004000] tsc: Detected 3799.992 MHz processor
[    0.004000] Calibrating delay loop (skipped) preset value.. 7599.98 BogoMIPS (lpj=15199968)
[    0.004000] pid_max: default: 32768 minimum: 301
[    0.004000] Security Framework initialized
[    0.004000] Yama: becoming mindful.
[    0.004000] AppArmor: AppArmor initialized
[    0.004000] Dentry cache hash table entries: 131072 (order: 8, 1048576 bytes)
[    0.004000] Inode-cache hash table entries: 65536 (order: 7, 524288 bytes)
[    0.004000] Mount-cache hash table entries: 2048 (order: 2, 16384 bytes)
[    0.004000] Mountpoint-cache hash table entries: 2048 (order: 2, 16384 bytes)
[    0.004000] Last level iTLB entries: 4KB 512, 2MB 512, 4MB 256
[    0.004000] Last level dTLB entries: 4KB 2048, 2MB 2048, 4MB 1024, 1GB 0
[    0.004000] Spectre V1 : Mitigation: usercopy/swapgs barriers and __user pointer sanitization
[    0.004000] Spectre V2 : Spectre mitigation: LFENCE not serializing, switching to generic retpoline
[    0.004000] Spectre V2 : Mitigation: Full generic retpoline
[    0.004000] Spectre V2 : Spectre v2 / SpectreRSB mitigation: Filling RSB on context switch
[    0.004000] Speculative Store Bypass: Vulnerable
[    0.004000] Freeing SMP alternatives memory: 36K
[    0.116242] APIC calibration not consistent with PM-Timer: 103ms instead of 100ms
[    0.116856] APIC delta adjusted to PM-Timer: 6324126 (6516542)
[    0.117352] smpboot: CPU0: AMD Ryzen 7 5800X 8-Core Processor (family: 0x19, model: 0x21, stepping: 0x0)
[    0.118163] Performance Events: PMU not available due to virtualization, using software events only.
[    0.118939] Hierarchical SRCU implementation.
[    0.119747] NMI watchdog: Perf event create on CPU 0 failed with -2
[    0.120000] NMI watchdog: Perf NMI watchdog permanently disabled
[    0.120000] smp: Bringing up secondary CPUs ...
[    0.120000] x86: Booting SMP configuration:
[    0.120000] .... node  #0, CPUs:      #1
[    0.004000] kvm-clock: cpu 1, msr 0:3ff44041, secondary cpu clock
[    0.122751] smp: Brought up 1 node, 2 CPUs
[    0.122751] smpboot: Max logical packages: 1
[    0.122751] smpboot: Total of 2 processors activated (15199.96 BogoMIPS)
[    0.124028] devtmpfs: initialized
[    0.124324] x86/mm: Memory block size: 128MB
[    0.124746] evm: security.selinux
[    0.125058] evm: security.SMACK64
[    0.125358] evm: security.SMACK64EXEC
[    0.125670] evm: security.SMACK64TRANSMUTE
[    0.126020] evm: security.SMACK64MMAP
[    0.126332] evm: security.apparmor
[    0.126626] evm: security.ima
[    0.126884] evm: security.capability
[    0.127197] clocksource: jiffies: mask: 0xffffffff max_cycles: 0xffffffff, max_idle_ns: 7645041785100000 ns
[    0.127197] futex hash table entries: 512 (order: 3, 32768 bytes)
[    0.127197] pinctrl core: initialized pinctrl subsystem
[    0.127197] RTC time:  1:09:49, date: 10/06/21
[    0.127197] NET: Registered protocol family 16
[    0.127212] audit: initializing netlink subsys (disabled)
[    0.128017] audit: type=2000 audit(1633482593.736:1): state=initialized audit_enabled=0 res=1
[    0.128798] cpuidle: using governor ladder
[    0.132008] cpuidle: using governor menu
[    0.132478] ACPI: bus type PCI registered
[    0.132478] acpiphp: ACPI Hot Plug PCI Controller Driver version: 0.5
[    0.132922] PCI: Using configuration type 1 for base access
[    0.133382] PCI: Using configuration type 1 for extended access
[    0.133883] HugeTLB registered 2.00 MiB page size, pre-allocated 0 pages
[    0.136050] ACPI: Added _OSI(Module Device)
[    0.136496] ACPI: Added _OSI(Processor Device)
[    0.136918] ACPI: Added _OSI(3.0 _SCP Extensions)
[    0.137311] ACPI: Added _OSI(Processor Aggregator Device)
[    0.137754] ACPI: Added _OSI(Linux-Dell-Video)
[    0.138130] ACPI: Added _OSI(Linux-Lenovo-NV-HDMI-Audio)
[    0.138564] ACPI: Added _OSI(Linux-HPI-Hybrid-Graphics)
[    0.139133] ACPI: Executed 1 blocks of module-level executable AML code
[    0.140265] ACPI: Interpreter enabled
[    0.140590] ACPI: (supports S0 S5)
[    0.140886] ACPI: Using IOAPIC for interrupt routing
[    0.141545] PCI: Using host bridge windows from ACPI; if necessary, use "pci=nocrs" and report a bug
[    0.142405] ACPI: Enabled 2 GPEs in block 00 to 07
[    0.144631] ACPI: PCI Root Bridge [PCI0] (domain 0000 [bus 00-ff])
[    0.145136] acpi PNP0A03:00: _OSC: OS supports [ExtendedConfig ASPM ClockPM Segments MSI]
[    0.146220] acpi PNP0A03:00: _OSC: platform does not support [PCIeCapability]
[    0.147007] acpi PNP0A03:00: _OSC: not requesting control; platform does not support [PCIeCapability]
[    0.147749] acpi PNP0A03:00: _OSC: OS requested [PCIeHotplug PME AER PCIeCapability]
[    0.148000] acpi PNP0A03:00: _OSC: platform willing to grant [PCIeHotplug PME AER]
[    0.148001] acpi PNP0A03:00: _OSC failed (AE_SUPPORT); disabling ASPM
[    0.148703] PCI host bridge to bus 0000:00
[    0.149054] pci_bus 0000:00: root bus resource [io  0x0000-0x0cf7 window]
[    0.149605] pci_bus 0000:00: root bus resource [io  0x0d00-0xffff window]
[    0.150143] pci_bus 0000:00: root bus resource [mem 0x000a0000-0x000bffff window]
[    0.150741] pci_bus 0000:00: root bus resource [mem 0x40000000-0xfdffffff window]
[    0.151390] pci_bus 0000:00: root bus resource [bus 00-ff]
[    0.152288] pci 0000:00:01.1: legacy IDE quirk: reg 0x10: [io  0x01f0-0x01f7]
[    0.152865] pci 0000:00:01.1: legacy IDE quirk: reg 0x14: [io  0x03f6]
[    0.153384] pci 0000:00:01.1: legacy IDE quirk: reg 0x18: [io  0x0170-0x0177]
[    0.153949] pci 0000:00:01.1: legacy IDE quirk: reg 0x1c: [io  0x0376]
[    0.160144] pci 0000:00:07.0: quirk: [io  0x4000-0x403f] claimed by PIIX4 ACPI
[    0.160788] pci 0000:00:07.0: quirk: [io  0x4100-0x410f] claimed by PIIX4 SMB
[    0.164160] ACPI: PCI Interrupt Link [LNKA] (IRQs 5 9 10 *11)
[    0.164769] ACPI: PCI Interrupt Link [LNKB] (IRQs 5 9 *10 11)
[    0.165290] ACPI: PCI Interrupt Link [LNKC] (IRQs 5 *9 10 11)
[    0.165802] ACPI: PCI Interrupt Link [LNKD] (IRQs 5 9 10 *11)
[    0.166416] SCSI subsystem initialized
[    0.166752] pci 0000:00:02.0: vgaarb: setting as boot VGA device
[    0.166752] pci 0000:00:02.0: vgaarb: VGA device added: decodes=io+mem,owns=io+mem,locks=none
[    0.166752] pci 0000:00:02.0: vgaarb: bridge control possible
[    0.166752] vgaarb: loaded
[    0.166752] ACPI: bus type USB registered
[    0.166752] usbcore: registered new interface driver usbfs
[    0.166831] usbcore: registered new interface driver hub
[    0.167276] usbcore: registered new device driver usb
[    0.168012] EDAC MC: Ver: 3.0.0
[    0.168499] PCI: Using ACPI for IRQ routing
[    0.168499] NetLabel: Initializing
[    0.172001] NetLabel:  domain hash size = 128
[    0.172366] NetLabel:  protocols = UNLABELED CIPSOv4 CALIPSO
[    0.172840] NetLabel:  unlabeled traffic allowed by default
[    0.173302] clocksource: Switched to clocksource kvm-clock
[    0.178982] VFS: Disk quotas dquot_6.6.0
[    0.179331] VFS: Dquot-cache hash table entries: 512 (order 0, 4096 bytes)
[    0.179896] AppArmor: AppArmor Filesystem Enabled
[    0.180278] pnp: PnP ACPI init
[    0.180978] pnp: PnP ACPI: found 3 devices
[    0.187740] clocksource: acpi_pm: mask: 0xffffff max_cycles: 0xffffff, max_idle_ns: 2085701024 ns
[    0.188251] NET: Registered protocol family 2
[    0.188251] IP idents hash table entries: 16384 (order: 5, 131072 bytes)
[    0.190197] TCP established hash table entries: 8192 (order: 4, 65536 bytes)
[    0.190915] TCP bind hash table entries: 8192 (order: 5, 131072 bytes)
[    0.191495] TCP: Hash tables configured (established 8192 bind 8192)
[    0.192002] UDP hash table entries: 512 (order: 2, 16384 bytes)
[    0.192460] UDP-Lite hash table entries: 512 (order: 2, 16384 bytes)
[    0.192973] NET: Registered protocol family 1
[    0.193326] pci 0000:00:00.0: Limiting direct PCI/PCI transfers
[    0.193788] pci 0000:00:01.0: Activating ISA DMA hang workarounds
[    0.194170] pci 0000:00:02.0: Video device with shadowed ROM at [mem 0x000c0000-0x000dffff]
[    0.194170] Unpacking initramfs...
[    0.194170] Freeing initrd memory: 19528K
[    0.194170] clocksource: tsc: mask: 0xffffffffffffffff max_cycles: 0x6d8ca23bb87, max_idle_ns: 881590913603 ns
[    0.194170] platform rtc_cmos: registered platform RTC device (no PNP device found)
[    0.194170] Scanning for low memory corruption every 60 seconds
[    0.344796] Initialise system trusted keyrings
[    0.345182] Key type blacklist registered
[    0.345564] workingset: timestamp_bits=36 max_order=18 bucket_order=0
[    0.346456] zbud: loaded
[    0.346960] squashfs: version 4.0 (2009/01/31) Phillip Lougher
[    0.347633] fuse init (API version 7.26)
[    0.349795] Key type asymmetric registered
[    0.350143] Asymmetric key parser 'x509' registered
[    0.350543] Block layer SCSI generic (bsg) driver version 0.4 loaded (major 246)
[    0.351161] io scheduler noop registered
[    0.351578] io scheduler deadline registered
[    0.352031] io scheduler cfq registered (default)
[    0.352656] ACPI: AC Adapter [AC] (on-line)
[    0.353125] input: Power Button as /devices/LNXSYSTM:00/LNXPWRBN:00/input/input0
[    0.353735] ACPI: Power Button [PWRF]
[    0.354078] input: Sleep Button as /devices/LNXSYSTM:00/LNXSLPBN:00/input/input1
[    0.354662] ACPI: Sleep Button [SLPF]
[    0.355128] Serial: 8250/16550 driver, 32 ports, IRQ sharing enabled
[    0.376062] 00:02: ttyS0 at I/O 0x3f8 (irq = 4, base_baud = 115200) is a 16550A
[    0.377881] Linux agpgart interface v0.103
[    0.378887] loop: module loaded
[    0.379403] scsi host0: ata_piix
[    0.379767] scsi host1: ata_piix
[    0.380135] ata1: PATA max UDMA/33 cmd 0x1f0 ctl 0x3f6 bmdma 0xd000 irq 14
[    0.380806] ata2: PATA max UDMA/33 cmd 0x170 ctl 0x376 bmdma 0xd008 irq 15
[    0.381564] libphy: Fixed MDIO Bus: probed
[    0.381910] tun: Universal TUN/TAP device driver, 1.6
[    0.382350] PPP generic driver version 2.4.2
[    0.382750] ehci_hcd: USB 2.0 'Enhanced' Host Controller (EHCI) Driver
[    0.383266] ehci-pci: EHCI PCI platform driver
[    0.383642] ehci-platform: EHCI generic platform driver
[    0.384057] ohci_hcd: USB 1.1 'Open' Host Controller (OHCI) Driver
[    0.384543] ohci-pci: OHCI PCI platform driver
[    0.384929] ohci-platform: OHCI generic platform driver
[    0.385359] uhci_hcd: USB Universal Host Controller Interface driver
[    0.385881] i8042: PNP: PS/2 Controller [PNP0303:PS2K,PNP0f03:PS2M] at 0x60,0x64 irq 1,12
[    0.386842] serio: i8042 KBD port at 0x60,0x64 irq 1
[    0.387263] serio: i8042 AUX port at 0x60,0x64 irq 12
[    0.387751] mousedev: PS/2 mouse device common for all mice
[    0.388481] input: AT Translated Set 2 keyboard as /devices/platform/i8042/serio0/input/input2
[    0.389182] rtc_cmos rtc_cmos: rtc core: registered rtc_cmos as rtc0
[    0.389791] rtc_cmos rtc_cmos: alarms up to one day, 114 bytes nvram
[    0.390283] i2c /dev entries driver
[    0.390598] device-mapper: uevent: version 1.0.3
[    0.391021] device-mapper: ioctl: 4.37.0-ioctl (2017-09-20) initialised: dm-devel@redhat.com
[    0.391722] ledtrig-cpu: registered to indicate activity on CPUs
[    0.392398] NET: Registered protocol family 10
[    0.394263] Segment Routing with IPv6
[    0.394585] NET: Registered protocol family 17
[    0.394976] Key type dns_resolver registered
[    0.395418] mce: Using 0 MCE banks
[    0.395714] RAS: Correctable Errors collector initialized.
[    0.396162] sched_clock: Marking stable (396154057, 0)->(481715938, -85561881)
[    0.396903] registered taskstats version 1
[    0.397245] Loading compiled-in X.509 certificates
[    0.398528] Loaded X.509 cert 'Build time autogenerated kernel key: bf5768e0b2369bd53acb56866ca104cf5a2c379b'
[    0.399551] Loaded X.509 cert 'Canonical Ltd. Live Patch Signing: 14df34d1a87cf37625abec039ef2bf521249b969'
[    0.400570] Loaded X.509 cert 'Canonical Ltd. Kernel Module Signing: 88f752e560a1e0737e31163a466ad7b70a850c19'
[    0.401339] zswap: loaded using pool lzo/zbud
[    0.402965] Key type big_key registered
[    0.403291] Key type trusted registered
[    0.404230] Key type encrypted registered
[    0.404568] AppArmor: AppArmor sha1 policy hashing enabled
[    0.405004] ima: No TPM chip found, activating TPM-bypass! (rc=-19)
[    0.405493] ima: Allocated hash algorithm: sha1
[    0.405872] evm: HMAC attrs: 0x1
[    0.406260]   Magic number: 9:194:154
[    0.406621] rtc_cmos rtc_cmos: setting system clock to 2021-10-06 01:09:49 UTC (1633482589)
[    0.407337] BIOS EDD facility v0.16 2004-Jun-25, 0 devices found
[    0.407816] EDD information not available.
[    0.563681] Freeing unused kernel image memory: 2448K
[    0.576825] Write protecting the kernel read-only data: 20480k
[    0.577683] Freeing unused kernel image memory: 2008K
[    0.578332] Freeing unused kernel image memory: 1824K
[    0.581723] x86/mm: Checked W+X mappings: passed, no W+X pages found.
Loading, please wait...
starting version 237
[    0.607241] e1000: Intel(R) PRO/1000 Network Driver - version 7.3.21-k8-NAPI
[    0.607819] e1000: Copyright (c) 1999-2006 Intel Corporation.
[    0.610766] Fusion MPT base driver 3.04.20
[    0.611129] Copyright (c) 1999-2008 LSI Corporation
[    0.613981] Fusion MPT SPI Host driver 3.04.20
[    0.621809] AVX2 version of gcm_enc/dec engaged.
[    0.622260] AES CTR mode by8 optimization enabled
[    0.836653] input: ImExPS/2 Generic Explorer Mouse as /devices/platform/i8042/serio1/input/input4
[    1.113966] e1000 0000:00:03.0 eth0: (PCI:33MHz:32-bit) 02:2f:77:f1:0c:e0
[    1.114549] e1000 0000:00:03.0 eth0: Intel(R) PRO/1000 Network Connection
[    1.115539] mptbase: ioc0: Initiating bringup
[    1.208390] ioc0: LSI53C1030 A0: Capabilities={Initiator}
[    1.465706] scsi host2: ioc0: LSI53C1030 A0, FwRev=00000000h, Ports=1, MaxQ=256, IRQ=20
[    1.880988] scsi 2:0:0:0: Direct-Access     VBOX     HARDDISK         1.0  PQ: 0 ANSI: 5
[    1.923224] scsi target2:0:0: Beginning Domain Validation
[    1.924475] scsi target2:0:0: Domain Validation skipping write tests
[    1.924986] scsi target2:0:0: Ending Domain Validation
[    1.925426] scsi target2:0:0: asynchronous
[    1.926019] scsi 2:0:1:0: Direct-Access     VBOX     HARDDISK         1.0  PQ: 0 ANSI: 5
[    2.180023] scsi target2:0:1: Beginning Domain Validation
[    2.181239] scsi target2:0:1: Domain Validation skipping write tests
[    2.181751] scsi target2:0:1: Ending Domain Validation
[    2.182198] scsi target2:0:1: asynchronous
[    2.182821] random: fast init done
[    2.184923] random: systemd-udevd: uninitialized urandom read (16 bytes read)
[    2.184967] sd 2:0:0:0: Attached scsi generic sg0 type 0
[    2.185494] random: systemd-udevd: uninitialized urandom read (16 bytes read)
[    2.186106] sd 2:0:1:0: Attached scsi generic sg1 type 0
[    2.186570] random: systemd-udevd: uninitialized urandom read (16 bytes read)
[    2.187608] sd 2:0:0:0: [sda] 83886080 512-byte logical blocks: (42.9 GB/40.0 GiB)
[    2.188358] sd 2:0:1:0: [sdb] 20480 512-byte logical blocks: (10.5 MB/10.0 MiB)
[    2.188377] sd 2:0:0:0: [sda] Write Protect is off
[    2.189354] sd 2:0:1:0: [sdb] Write Protect is off
[    2.189383] sd 2:0:0:0: [sda] Incomplete mode parameter data
[    2.190293] sd 2:0:0:0: [sda] Assuming drive cache: write through
[    2.190833] sd 2:0:1:0: [sdb] Incomplete mode parameter data
[    2.191413] sd 2:0:1:0: [sdb] Assuming drive cache: write through
[    2.201682]  sda: sda1
[    2.202277] sd 2:0:0:0: [sda] Attached SCSI disk
[    2.202841] sd 2:0:1:0: [sdb] Attached SCSI disk
[    2.218370] e1000 0000:00:08.0 eth1: (PCI:33MHz:32-bit) 08:00:27:f6:1c:a0
[    2.218920] e1000 0000:00:08.0 eth1: Intel(R) PRO/1000 Network Connection
[    2.219937] e1000 0000:00:03.0 enp0s3: renamed from eth0
[    2.236923] e1000 0000:00:08.0 enp0s8: renamed from eth1
Begin: Loading essential drivers ... [    3.688449] raid6: sse2x1   gen()  8733 MB/s
[    3.738250] raid6: sse2x1   xor() 15632 MB/s
[    3.784151] raid6: sse2x2   gen() 17015 MB/s
[    3.832009] raid6: sse2x2   xor() 18534 MB/s
[    3.880005] raid6: sse2x4   gen() 25646 MB/s
[    3.928723] raid6: sse2x4   xor() 14075 MB/s
[    3.976612] raid6: avx2x1   gen() 19204 MB/s
[    4.025934] raid6: avx2x1   xor() 29645 MB/s
[    4.072845] raid6: avx2x2   gen() 40658 MB/s
[    4.120227] raid6: avx2x2   xor() 35190 MB/s
[    4.168624] raid6: avx2x4   gen() 44325 MB/s
[    4.216500] raid6: avx2x4   xor() 19021 MB/s
[    4.216877] raid6: using algorithm avx2x4 gen() 44325 MB/s
[    4.217315] raid6: .... xor() 19021 MB/s, rmw enabled
[    4.217757] raid6: using avx2x2 recovery algorithm
[    4.218666] xor: automatically using best checksumming function   avx       
[    4.219630] async_tx: api initialized (async)
done.
Begin: Running /scripts/init-premount ... done.
Begin: Mounting root file system ... Begin: Running /scripts/local-top ... done.
Begin: Running /scripts/local-premount ... [    4.239892] Btrfs loaded, crc32c=crc32c-intel
Scanning for Btrfs filesystems
done.
Warning: fsck not present, so skipping root file system
[    4.251660] EXT4-fs (sda1): mounted filesystem with ordered data mode. Opts: (null)
done.
Begin: Running /scripts/local-bottom ... done.
Begin: Running /scripts/init-bottom ... done.
[    4.350011] ip_tables: (C) 2000-2006 Netfilter Core Team
[    4.354628] systemd[1]: systemd 237 running in system mode. (+PAM +AUDIT +SELINUX +IMA +APPARMOR +SMACK +SYSVINIT +UTMP +LIBCRYPTSETUP +GCRYPT +GNUTLS +ACL +XZ +LZ4 +SECCOMP +BLKID +ELFUTILS +KMOD -IDN2 +IDN -PCRE2 default-hierarchy=hybrid)
[    4.356306] systemd[1]: Detected virtualization oracle.
[    4.356720] systemd[1]: Detected architecture x86-64.

Welcome to [1mUbuntu 18.04.6 LTS[0m!

[    4.359819] systemd[1]: Set hostname to <ubuntu>.
[    4.362259] systemd[1]: Initializing machine ID from random generator.
[    4.362814] systemd[1]: Installed transient /etc/machine-id file.
[    4.485723] systemd[1]: Reached target Swap.
[[0;32m  OK  [0m] Reached target Swap.
[    4.486339] systemd[1]: Reached target User and Group Name Lookups.
[[0;32m  OK  [0m] Reached target User and Group Name Lookups.
[    4.487157] systemd[1]: Reached target System Time Synchronized.
[[0;32m  OK  [0m] Reached target System Time Synchronized.
[    4.488548] systemd[1]: Created slice System Slice.
[[0;32m  OK  [0m] Created slice System Slice.
[[0;32m  OK  [0m] Listening on /dev/initctl Compatibility Named Pipe.
[[0;32m  OK  [0m] Listening on udev Kernel Socket.
[[0;32m  OK  [0m] Listening on Journal Socket.
[[0;32m  OK  [0m] Listening on Network Service Netlink Socket.
         Mounting Huge Pages File System...
         Starting Load Kernel Modules...
         Starting Set the console keyboard layout...
         Starting Create list of required stâ€¦ce nodes for the current kernel...
[[0;32m  OK  [0m] Listening on Journal Socket (/dev/log).
         Starting Uncomplicated firewall...
[[0;32m  OK  [0m] Listening on Syslog Socket.
[[0;32m  OK  [0m] Listening on fsck to fsckd communication Socket.
[[0;32m  OK  [0m] Listening on udev Control Socket.
         Starting udev Coldplug all Devices...
         Starting File System Check on Root Device...
         Mounting POSIX Message Queue File System...
[[0;32m  OK  [0m] Created slice system-serial\x2dgetty.slice.
         Mounting Kernel Debug File System...
[[0;32m  OK  [0m] Created slice User and Session Slice.
[[0;32m  OK  [0m] Set up automount Arbitrary Executabâ€¦rmats File System Automount Point.
[[0;32m  OK  [0m] Listening on Device-mapper event daemon FIFOs.
[[0;32m  OK  [0m] Reached target Slices.
[[0;32m  OK  [0m] Listening on Journal Audit Socket.
         Starting Journal Service...
[[0;32m  OK  [0m] Listening on LVM2 metadata daemon socket.
         Starting Monitoring of LVM2 mirrorsâ€¦ng dmeventd or progress polling...
[[0;32m  OK  [0m] Listening on LVM2 poll daemon socket.
[[0;32m  OK  [0m] Started Forward Password Requests to Wall Directory Watch.
[    4.504745] Loading iSCSI transport class v2.0-870.
[[0;32m  OK  [0m] Mounted Huge Pages File System.
[[0;32m  OK  [0m] Started Create list of required staâ€¦vice nodes for the current kernel.
[[0;32m  OK  [0m] Started Uncomplicated firewall.
[[0;32m  OK  [0m] Mounted POSIX Message Queue File System.
[[0;32m  OK  [0m] Mounted Kernel Debug File System.
[[0;32m  OK  [0m] Started LVM2 metadata daemon.
[[0;32m  OK  [0m] Started File System Check Daemon to report status.
         Starting Create Static Device Nodes in /dev...
[    4.561835] iscsi: registered transport (tcp)
[[0;32m  OK  [0m] Started udev Coldplug all Devices.
[    4.570272] iscsi: registered transport (iser)
[[0;32m  OK  [0m] Started Load Kernel Modules.
         Starting Apply Kernel Variables...
         Mounting FUSE Control File System...
         Mounting Kernel Configuration File System...
[[0;32m  OK  [0m] Mounted FUSE Control File System.
[[0;32m  OK  [0m] Mounted Kernel Configuration File System.
[[0;32m  OK  [0m] Started Journal Service.
[[0;32m  OK  [0m] Started Create Static Device Nodes in /dev.
[[0;32m  OK  [0m] Started File System Check on Root Device.
         Starting Remount Root and Kernel File Systems...
[[0;32m  OK  [0m] Started Monitoring of LVM2 mirrors,â€¦sing dmeventd or progress polling.
[[0;32m  OK  [0m] Started Apply Kernel Variables.
[[0;32m  OK  [0m] Started Remount Root and Kernel File Systems.
         Starting udev Kernel Device Manager...
         Starting Flush Journal to Persistent Storage...
         Starting Load/Save Random Seed...
[[0;32m  OK  [0m] Started Load/Save Random Seed.
[[0;32m  OK  [0m] Started Set the console keyboard layout.
[[0;32m  OK  [0m] Reached target Local File Systems (Pre).
[[0;32m  OK  [0m] Reached target Local File Systems.
         Starting ebtables ruleset management...
         Starting Set console font and keymap...
         Starting Tell Plymouth To Write Out Runtime Data...
         Starting Commit a transient machine-id on disk...
         Starting AppArmor initialization...
[[0;32m  OK  [0m] Started udev Kernel Device Manager.
[[0;32m  OK  [0m] Started Dispatch Password Requests to Console Directory Watch.
[[0;32m  OK  [0m] Reached target Local Encrypted Volumes.
[[0;32m  OK  [0m] Started Set console font and keymap.
[[0;32m  OK  [0m] Started Tell Plymouth To Write Out Runtime Data.
[[0;32m  OK  [0m] Started Flush Journal to Persistent Storage.
         Starting Create Volatile Files and Directories...
[[0;32m  OK  [0m] Started Commit a transient machine-id on disk.
[[0;32m  OK  [0m] Found device /dev/ttyS0.
[[0;32m  OK  [0m] Started Create Volatile Files and Directories.
         Starting Update UTMP about System Boot/Shutdown...
[[0;32m  OK  [0m] Started Update UTMP about System Boot/Shutdown.
[[0;32m  OK  [0m] Started ebtables ruleset management.
[[0;32m  OK  [0m] Listening on Load/Save RF Kill Switch Status /dev/rfkill Watch.
[[0;32m  OK  [0m] Started AppArmor initialization.
         Starting Initial cloud-init job (pre-networking)...
         Starting Load AppArmor profiles managed internally by snapd...
[[0;32m  OK  [0m] Started Load AppArmor profiles managed internally by snapd.
[    5.826643] cloud-init[578]: Cloud-init v. 21.2-3-g899bfaa9-0ubuntu2~18.04.1 running 'init-local' at Wed, 06 Oct 2021 01:09:54 +0000. Up 5.64 seconds.
[[0;32m  OK  [0m] Started Initial cloud-init job (pre-networking).
[[0;32m  OK  [0m] Reached target Network (Pre).
         Starting Network Service...
[[0;32m  OK  [0m] Started Network Service.
         Starting Network Name Resolution...
         Starting Wait for Network to be Configured...
[[0;32m  OK  [0m] Started Network Name Resolution.
[[0;32m  OK  [0m] Reached target Host and Network Name Lookups.
[[0;32m  OK  [0m] Reached target Network.
[[0;32m  OK  [0m] Started Wait for Network to be Configured.
         Starting Initial cloud-init job (metadata service crawler)...
[    7.434935] cloud-init[722]: Cloud-init v. 21.2-3-g899bfaa9-0ubuntu2~18.04.1 running 'init' at Wed, 06 Oct 2021 01:09:56 +0000. Up 7.35 seconds.
[    7.435870] cloud-init[722]: ci-info: ++++++++++++++++++++++++++++++++++++++Net device info++++++++++++++++++++++++++++++++++++++
[    7.436645] cloud-init[722]: ci-info: +--------+-------+---------------------------+---------------+--------+-------------------+
[    7.437443] cloud-init[722]: ci-info: | Device |   Up  |          Address          |      Mask     | Scope  |     Hw-Address    |
[    7.438116] cloud-init[722]: ci-info: +--------+-------+---------------------------+---------------+--------+-------------------+
[    7.438826] cloud-init[722]: ci-info: | enp0s3 |  True |         10.0.2.15         | 255.255.255.0 | global | 02:2f:77:f1:0c:e0 |
[    7.439509] cloud-init[722]: ci-info: | enp0s3 |  True | fe80::2f:77ff:fef1:ce0/64 |       .       |  link  | 02:2f:77:f1:0c:e0 |
[    7.440195] cloud-init[722]: ci-info: | enp0s8 | False |             .             |       .       |   .    | 08:00:27:f6:1c:a0 |
[    7.440830] cloud-init[722]: ci-info: |   lo   |  True |         127.0.0.1         |   255.0.0.0   |  host  |         .         |
[    7.441467] cloud-init[722]: ci-info: |   lo   |  True |          ::1/128          |       .       |  host  |         .         |
[    7.442096] cloud-init[722]: ci-info: +--------+-------+---------------------------+---------------+--------+-------------------+
[    7.442810] cloud-init[722]: ci-info: ++++++++++++++++++++++++++++Route IPv4 info+++++++++++++++++++++++++++++
[    7.443456] cloud-init[722]: ci-info: +-------+-------------+----------+-----------------+-----------+-------+
[    7.444028] cloud-init[722]: ci-info: | Route | Destination | Gateway  |     Genmask     | Interface | Flags |
[    7.444601] cloud-init[722]: ci-info: +-------+-------------+----------+-----------------+-----------+-------+
[    7.445147] cloud-init[722]: ci-info: |   0   |   0.0.0.0   | 10.0.2.2 |     0.0.0.0     |   enp0s3  |   UG  |
[    7.445811] cloud-init[722]: ci-info: |   1   |   10.0.2.0  | 0.0.0.0  |  255.255.255.0  |   enp0s3  |   U   |
[    7.446392] cloud-init[722]: ci-info: |   2   |   10.0.2.2  | 0.0.0.0  | 255.255.255.255 |   enp0s3  |   UH  |
[    7.447175] cloud-init[722]: ci-info: +-------+-------------+----------+-----------------+-----------+-------+
[    7.447748] cloud-init[722]: ci-info: +++++++++++++++++++Route IPv6 info+++++++++++++++++++
[    7.448865] cloud-init[722]: ci-info: +-------+-------------+---------+-----------+-------+
[    7.449348] cloud-init[722]: ci-info: | Route | Destination | Gateway | Interface | Flags |
[    7.449853] cloud-init[722]: ci-info: +-------+-------------+---------+-----------+-------+
[    7.450390] cloud-init[722]: ci-info: |   1   |  fe80::/64  |    ::   |   enp0s3  |   U   |
[    7.450920] cloud-init[722]: ci-info: |   3   |    local    |    ::   |   enp0s3  |   U   |
[    7.451428] cloud-init[722]: ci-info: |   4   |   ff00::/8  |    ::   |   enp0s3  |   U   |
[    7.451987] cloud-init[722]: ci-info: +-------+-------------+---------+-----------+-------+
[    7.932286] cloud-init[722]: Generating public/private rsa key pair.
[    7.932771] cloud-init[722]: Your identification has been saved in /etc/ssh/ssh_host_rsa_key.
[    7.933257] cloud-init[722]: Your public key has been saved in /etc/ssh/ssh_host_rsa_key.pub.
[    7.933751] cloud-init[722]: The key fingerprint is:
[    7.934200] cloud-init[722]: SHA256:s4Zh7Cc/8NxHr7hgY4Zf7ngMTbzRBnJsDdj8uZ1rb+4 root@ubuntu-bionic
[    7.934866] cloud-init[722]: The key's randomart image is:
[    7.935309] cloud-init[722]: +---[RSA 2048]----+
[    7.935648] cloud-init[722]: |         =.o     |
[    7.935985] cloud-init[722]: |        o B .    |
[    7.936329] cloud-init[722]: |         = + .   |
[    7.936655] cloud-init[722]: |     .    + =    |
[    7.936982] cloud-init[722]: |      + So + o . |
[    7.937312] cloud-init[722]: |     o.+.oo o o  |
[    7.937639] cloud-init[722]: |      =+X+.. . . |
[    7.937966] cloud-init[722]: |       X+*+.. + .|
[    7.938279] cloud-init[722]: |        ++=o.o =E|
[    7.938661] cloud-init[722]: +----[SHA256]-----+
[    7.938997] cloud-init[722]: Generating public/private dsa key pair.
[    7.939397] cloud-init[722]: Your identification has been saved in /etc/ssh/ssh_host_dsa_key.
[    7.939873] cloud-init[722]: Your public key has been saved in /etc/ssh/ssh_host_dsa_key.pub.
[    7.940405] cloud-init[722]: The key fingerprint is:
[    7.940749] cloud-init[722]: SHA256:LOpNuTAfTsRvH6qg+TshtV+hZNNHBWufOQyBb5vQ5pY root@ubuntu-bionic
[    7.941255] cloud-init[722]: The key's randomart image is:
[    7.941616] cloud-init[722]: +---[DSA 1024]----+
[    7.941941] cloud-init[722]: |         .oo.    |
[    7.942264] cloud-init[722]: |        . .o     |
[    7.942593] cloud-init[722]: |       . ++      |
[    7.942922] cloud-init[722]: |    ..+.+.*+ o   |
[    7.943246] cloud-init[722]: |   . ++oSB +*    |
[    7.943575] cloud-init[722]: |  . oo.+. E  .   |
[    7.943911] cloud-init[722]: |   .=o=.o..      |
[    7.944260] cloud-init[722]: |   +.X.+ o .     |
[    7.944589] cloud-init[722]: |  o.+o*.. .      |
[    7.944915] cloud-init[722]: +----[SHA256]-----+
[    7.945232] cloud-init[722]: Generating public/private ecdsa key pair.
[    7.945642] cloud-init[722]: Your identification has been saved in /etc/ssh/ssh_host_ecdsa_key.
[    7.946150] cloud-init[722]: Your public key has been saved in /etc/ssh/ssh_host_ecdsa_key.pub.
[    7.946653] cloud-init[722]: The key fingerprint is:
[    7.946991] cloud-init[722]: SHA256:siWq1MqB3JrWYzzJp/3gwfjhy8TpBnnAj27bY5d35HA root@ubuntu-bionic
[    7.947509] cloud-init[722]: The key's randomart image is:
[    7.947916] cloud-init[722]: +---[ECDSA 256]---+
[    7.948326] cloud-init[722]: |                 |
[    7.948701] cloud-init[722]: |                 |
[    7.949108] cloud-init[722]: |  .              |
[    7.949450] cloud-init[722]: |   o             |
[    7.949785] cloud-init[722]: |    = o S        |
[    7.950114] cloud-init[722]: |...=++.= . E     |
[    7.950440] cloud-init[722]: |..Bo*O. . =      |
[    7.950770] cloud-init[722]: | +o#X=+o . o     |
[    7.951094] cloud-init[722]: |.o*oOX=.. .      |
[    7.951416] cloud-init[722]: +----[SHA256]-----+
[    7.951754] cloud-init[722]: Generating public/private ed25519 key pair.
[    7.952192] cloud-init[722]: Your identification has been saved in /etc/ssh/ssh_host_ed25519_key.
[    7.952703] cloud-init[722]: Your public key has been saved in /etc/ssh/ssh_host_ed25519_key.pub.
[    7.953277] cloud-init[722]: The key fingerprint is:[[0;32m  OK  [0m] Started Initial cloud-init job (metadata service crawler).
[[0;32m  OK  [0m] Reached target Cloud-config availability.
[[0;32m  OK  [0m] Reached target System Initialization.
[[0;32m  OK  [0m] Started Message of the Day.
[[0;32m  OK  [0m] Started Discard unused blocks once a week.
         Starting Socket activation for snappy daemon.
[[0;32m  OK  [0m] Listening on ACPID Listen Socket.

[    7.955248] cloud-init         Starting LXD - unix socket.
[[0;32m  OK  [0m] Started Daily apt download activities.
[[0;32m  OK  [0m] Started Daily apt upgrade and clean activities.
[[0;32m  OK  [0m] Started ACPI Events Check.
[[0;32m  OK  [0m] Reached target Paths.
[[0;32m  OK  [0m] Listening on Open-iSCSI iscsid Socket.
[[0;32m  OK  [0m] Started Daily Cleanup of Temporary Directories.
[[0;32m  OK  [0m] Listening on D-Bus System Message Bus Socket.
[[0;32m  OK  [0m] Listening on UUID daemon activation socket.
[[0;32m  OK  [0m] Started Ubuntu Advantage update messaging.
[[0;32m  OK  [0m] Reached target Timers.
[[0;32m  OK  [0m] Reached target Network is Online.
         Starting Availability of block devices...
[[0;32m  OK  [0m] Reached target Remote File Systems (Pre).
[[0;32m  OK  [0m] Reached target Remote File Systems.
[[0;32m  OK  [0m] Listening on Socket activation for snappy daemon.
[[0;32m  OK  [0m] Listening on LXD - unix socket.
[[0;32m  OK  [0m] Reached target Sockets.
[[0;32m  OK  [0m] Reached target Basic System.
[[0;32m  OK  [0m] Started Deferred execution scheduler.
         Starting Virtualbox guest utils...
         Starting LSB: automatic crash report generation...
[[0;32m  OK  [0m] Started FUSE filesystem for LXC.
[[0;32m  OK  [0m] Started D-Bus System Message Bus.
[722]: SHA256:NG6xE4AEceHVkHa+OKQrpAFmVqgx5qDx53K2QNOBMbU root@ubuntu-bionic
[    7.964682] cloud-init[722]: The key's randomart image is:
[    7.965077] cloud-init[722]: +--[ED25519 256]--+
[    7.965420] cloud-init[722]: |  *B=o++         |
[    7.965950] cloud-init[722]: |=o.=ooo.o        |
[    7.968109] cloud-init[722]: |*=..Eo o=        |
[    7.968443] cloud-init[722]: |+=+ o .o.=       |
[    7.968772] cloud-init[722]: |=. + o .S.       |
[    7.969104] cloud-init[722]: |. + = o...       |
[    7.969446] cloud-init[722]: | + = o .         |
[    7.969777] cloud-init[722]: |. . o            |
[    7.970380] cloud-init[722]: |   .             |
[    7.970823] cloud-init[722]: +----[SHA256]-----+
[[0;32m  OK  [0m] Started irqbalance daemon.
         Starting LSB: Record successful boot for GRUB...
         Starting Dispatcher daemon for systemd-networkd...
         Starting Pollinate to seed the pseudo random number generator...
         Starting Snap Daemon...
         Starting LXD - container startup/shutdown...
         Starting Login Service...
[[0;32m  OK  [0m] Started Regular background program processing daemon.
         Starting System Logging Service...
         Starting Permit User Sessions...
         Starting Accounts Service...
[[0;32m  OK  [0m] Started Availability of block devices.
[[0;32m  OK  [0m] Started System Logging Service.
[[0;32m  OK  [0m] Started Permit User Sessions.
         Starting Hold until boot process finishes up...
         Starting Terminate Plymouth Boot Screen...
[[0;32m  OK  [0m] Started Hold until boot process finishes up.
         Starting Set console scheme...
[[0;32m  OK  [0m] Started Serial Getty on ttyS0.
[[0;32m  OK  [0m] Started Terminate Plymouth Boot Screen.
[[0;32m  OK  [0m] Started Login Service.
[[0;32m  OK  [0m] Started Unattended Upgrades Shutdown.
[[0;32m  OK  [0m] Started Set console scheme.
[[0;32m  OK  [0m] Created slice system-getty.slice.
[[0;32m  OK  [0m] Started Getty on tty1.
[[0;32m  OK  [0m] Reached target Login Prompts.
[[0;32m  OK  [0m] Started LSB: automatic crash report generation.
         Starting Authorization Manager...
[[0;32m  OK  [0m] Started Virtualbox guest utils.
[[0;32m  OK  [0m] Started Authorization Manager.
[[0;32m  OK  [0m] Started Accounts Service.
[[0;32m  OK  [0m] Started LSB: Record successful boot for GRUB.
[[0;32m  OK  [0m] Started LXD - container startup/shutdown.
[[0;32m  OK  [0m] Started Dispatcher daemon for systemd-networkd.
[[0;32m  OK  [0m] Started Snap Daemon.
         Starting Wait until snapd is fully seeded...
[[0;32m  OK  [0m] Started Pollinate to seed the pseudo random number generator.
         Starting OpenBSD Secure Shell server...
[[0;32m  OK  [0m] Started OpenBSD Secure Shell server.
[[0;32m  OK  [0m] Started Wait until snapd is fully seeded.
[[0;32m  OK  [0m] Reached target Multi-User System.
[[0;32m  OK  [0m] Reached target Graphical Interface.
         Starting Update UTMP about System Runlevel Changes...
         Starting Apply the settings specified in cloud-config...
[[0;32m  OK  [0m] Started Update UTMP about System Runlevel Changes.
[   10.741382] cloud-init[1275]: Cloud-init v. 21.2-3-g899bfaa9-0ubuntu2~18.04.1 running 'modules:config' at Wed, 06 Oct 2021 01:09:59 +0000. Up 10.54 seconds.
[[0;32m  OK  [0m] Started Apply the settings specified in cloud-config.
         Starting Execute cloud user/final scripts...
ci-info: no authorized SSH keys fingerprints found for user ubuntu.
<14>Oct  6 01:10:00 cloud-init: #############################################################
<14>Oct  6 01:10:00 cloud-init: -----BEGIN SSH HOST KEY FINGERPRINTS-----
<14>Oct  6 01:10:00 cloud-init: 1024 SHA256:LOpNuTAfTsRvH6qg+TshtV+hZNNHBWufOQyBb5vQ5pY root@ubuntu-bionic (DSA)
<14>Oct  6 01:10:00 cloud-init: 256 SHA256:siWq1MqB3JrWYzzJp/3gwfjhy8TpBnnAj27bY5d35HA root@ubuntu-bionic (ECDSA)
<14>Oct  6 01:10:00 cloud-init: 256 SHA256:NG6xE4AEceHVkHa+OKQrpAFmVqgx5qDx53K2QNOBMbU root@ubuntu-bionic (ED25519)
<14>Oct  6 01:10:00 cloud-init: 2048 SHA256:s4Zh7Cc/8NxHr7hgY4Zf7ngMTbzRBnJsDdj8uZ1rb+4 root@ubuntu-bionic (RSA)
<14>Oct  6 01:10:00 cloud-init: -----END SSH HOST KEY FINGERPRINTS-----
<14>Oct  6 01:10:00 cloud-init: #############################################################
-----BEGIN SSH HOST KEY KEYS-----
ecdsa-sha2-nistp256 AAAAE2VjZHNhLXNoYTItbmlzdHAyNTYAAAAIbmlzdHAyNTYAAABBBL8tdBFt5jCMZGuK8ajdsvTM7Z2Y9lgR0jgjrZBxX0ueeAplGotq2nXY8m5x+oo1us0j2WD8EOTHkBIPB1AFbSQ= root@ubuntu-bionic
ssh-ed25519 AAAAC3NzaC1lZDI1NTE5AAAAIPmb7ihWXAH6TIa8mraoxfgE19hltPt9fg2+50qDk4oy root@ubuntu-bionic
ssh-rsa AAAAB3NzaC1yc2EAAAADAQABAAABAQDWOwToLSYauFM+/m/KTBHRPmLCbYTuxE4hA9yO6i5M2GiCP9StEbUzfnwACmkX2OE58YkPo6Zp+Q+eu9cHTbyYVGffqzQg0Y1G//TigaXFcDG5AOIuxZEZR0ArdXIAoXmoQS0hLcTkD+P9gUtLfOGPXh1u3yjMqVTZyZJO3S7V7pNAnGrri/nChYOZoEY6cqsGywS0vjhplV9dxNv05LOSDmykpf1ymKNyTM6dydfyBn4Q/3OCzFzDYZ+7yDCr42fEcTb1ziF7MomIYZFdEIrktSPnQrebvlb1Q+MHdCgzcYlCZ0xQbbqYcjen6llQsX2vNTh3I60xeFPzUu00SlAD root@ubuntu-bionic
-----END SSH HOST KEY KEYS-----
[   10.992215] cloud-init[1331]: Cloud-init v. 21.2-3-g899bfaa9-0ubuntu2~18.04.1 running 'modules:final' at Wed, 06 Oct 2021 01:10:00 +0000. Up 10.91 seconds.
[   10.993010] cloud-init[1331]: ci-info: no authorized SSH keys fingerprints found for user ubuntu.
[   10.993713] cloud-init[1331]: Cloud-init v. 21.2-3-g899bfaa9-0ubuntu2~18.04.1 finished at Wed, 06 Oct 2021 01:10:00 +0000. Datasource DataSourceNoCloud [seed=/dev/sdb][dsmode=net].  Up 10.98 seconds
[[0;32m  OK  [0m] Started Execute cloud user/final scripts.
[[0;32m  OK  [0m] Reached target Cloud-init target.

Ubuntu 18.04.6 LTS ubuntu-bionic ttyS0

ubuntu-bionic login: 